...
Error: 
   0: [91mINVALID_FILE does not exist[0m
...