error: the following required arguments were not provided:
  <FILENAME|DIRNAME>...

Usage: wormhole-rs[EXE] send-many <FILENAME|DIRNAME>...

For more information, try '--help'.
